// Vitest Snapshot v1, https://vitest.dev/guide/snapshot.html

exports[`AnalysisResults > スナップショットテスト 1`] = `
<div
  style="background: rgb(250, 250, 250); padding: 20px; border-radius: 4px; margin-top: 24px; border: 1px solid rgb(224, 224, 224);"
>
  <h3
    style="margin-bottom: 20px; color: rgb(73, 80, 87); text-align: center;"
  >
    分析結果
  </h3>
  <div
    class="responsive-metrics"
    style="display: grid; grid-template-columns: repeat(auto-fit, minmax(200px, 1fr)); gap: 15px;"
  >
    <div
      style="background: white; padding: 12px; border-radius: 4px; border: 1px solid rgb(224, 224, 224); display: flex; justify-content: space-between; align-items: center;"
    >
      <label
        style="font-weight: 600; color: rgb(73, 80, 87);"
      >
        最高値：
      </label>
      <span
        style="font-weight: 600; color: rgb(33, 150, 243);"
      >
        $
        159.50
      </span>
    </div>
    <div
      style="background: white; padding: 12px; border-radius: 4px; border: 1px solid rgb(224, 224, 224); display: flex; justify-content: space-between; align-items: center;"
    >
      <label
        style="font-weight: 600; color: rgb(73, 80, 87);"
      >
        最安値：
      </label>
      <span
        style="font-weight: 600; color: rgb(33, 150, 243);"
      >
        $
        148.75
      </span>
    </div>
    <div
      style="background: white; padding: 12px; border-radius: 4px; border: 1px solid rgb(224, 224, 224); display: flex; justify-content: space-between; align-items: center;"
    >
      <label
        style="font-weight: 600; color: rgb(73, 80, 87);"
      >
        平均値：
      </label>
      <span
        style="font-weight: 600; color: rgb(33, 150, 243);"
      >
        $
        153.47
      </span>
    </div>
    <div
      style="background: white; padding: 12px; border-radius: 4px; border: 1px solid rgb(224, 224, 224); display: flex; justify-content: space-between; align-items: center;"
    >
      <label
        style="font-weight: 600; color: rgb(73, 80, 87);"
      >
        ボラティリティ：
      </label>
      <span
        style="font-weight: 600; color: rgb(33, 150, 243);"
      >
        12.34
        %
      </span>
    </div>
    <div
      style="background: white; padding: 12px; border-radius: 4px; border: 1px solid rgb(224, 224, 224); display: flex; justify-content: space-between; align-items: center;"
    >
      <label
        style="font-weight: 600; color: rgb(73, 80, 87);"
      >
        期間収益率：
      </label>
      <span
        style="font-weight: 600; color: rgb(33, 150, 243);"
      >
        6.33
        %
      </span>
    </div>
  </div>
</div>
`;
