// Vitest Snapshot v1, https://vitest.dev/guide/snapshot.html

exports[`LoadingSpinner > スナップショットテスト 1`] = `
<div
  style="text-align: center; padding: 40px;"
>
  <div
    style="width: 32px; height: 32px; border: 3px solid rgb(240, 240, 240); border-top: 3px solid #2196F3; border-radius: 50%; animation: spin 1s linear infinite; margin: 0px auto 16px;"
  />
  <p>
    データを取得中...
  </p>
</div>
`;
